
>>> Stratégie de partage de la carte: global, d'exploration: local_gradient
[Hardware] Found 2 CUDA device(s).
--- PyTorch GA (Pop: 5000) | Devices: ['cuda0', 'cuda1'] | Log: logs/2026-05-10_09-11-14_explo_sweep/2026-05-10_09-11-15_PyTorch_MULTI_2xGPU_3D ---
Gen 00 | Cost: -133717.73 | T: 24.22s | Best exploration rate : 91.8%
Gen 01 | Cost: -133717.73 | T: 23.88s | Best exploration rate : 91.8%
Gen 02 | Cost: -133717.73 | T: 23.89s | Best exploration rate : 91.8%
Gen 03 | Cost: -136689.28 | T: 23.92s | Best exploration rate : 91.5%
Gen 04 | Cost: -136689.28 | T: 23.95s | Best exploration rate : 91.5%
Gen 05 | Cost: -138275.17 | T: 23.98s | Best exploration rate : 98.1%
Gen 06 | Cost: -138492.45 | T: 24.00s | Best exploration rate : 98.9%
Gen 07 | Cost: -139880.09 | T: 24.01s | Best exploration rate : 93.8%
Gen 08 | Cost: -139880.09 | T: 24.03s | Best exploration rate : 93.8%
Gen 09 | Cost: -139880.09 | T: 24.02s | Best exploration rate : 93.8%
Gen 10 | Cost: -140496.25 | T: 24.01s | Best exploration rate : 95.9%
Gen 11 | Cost: -140496.25 | T: 24.02s | Best exploration rate : 95.9%
Gen 12 | Cost: -140496.25 | T: 24.01s | Best exploration rate : 95.9%
Gen 13 | Cost: -140496.25 | T: 24.01s | Best exploration rate : 95.9%
Gen 14 | Cost: -140496.25 | T: 24.01s | Best exploration rate : 95.9%
Gen 15 | Cost: -140725.66 | T: 24.01s | Best exploration rate : 94.5%
Gen 16 | Cost: -140725.66 | T: 24.00s | Best exploration rate : 94.5%
Gen 17 | Cost: -140725.66 | T: 24.01s | Best exploration rate : 94.5%
Gen 18 | Cost: -140800.88 | T: 24.01s | Best exploration rate : 98.6%
Gen 19 | Cost: -140800.88 | T: 24.00s | Best exploration rate : 98.6%

[PyTorch] Generating final trajectory...
[PyTorch] Final Exploration Coverage: 91.14%

[Logger] Trajectory saved: logs/2026-05-10_09-11-14_explo_sweep/2026-05-10_09-11-15_PyTorch_MULTI_2xGPU_3D/trajectory_3D.npz
[Visu] Loading logs/2026-05-10_09-11-14_explo_sweep/2026-05-10_09-11-15_PyTorch_MULTI_2xGPU_3D/trajectory_3D.npz...
[Visu] Generating frames on 32 CPU cores...
[Visu] Compiling 6000 frames into GIF: logs/2026-05-10_09-11-14_explo_sweep/2026-05-10_09-11-15_PyTorch_MULTI_2xGPU_3D/animation_3D.gif (patience...)
[Visu] Done.

>>> Stratégie de partage de la carte: global, d'exploration: global_best
[Hardware] Found 2 CUDA device(s).
--- PyTorch GA (Pop: 5000) | Devices: ['cuda0', 'cuda1'] | Log: logs/2026-05-10_09-11-14_explo_sweep/2026-05-10_09-21-01_PyTorch_MULTI_2xGPU_3D ---
Gen 00 | Cost: -134453.88 | T: 37.74s | Best exploration rate : 96.3%
Gen 01 | Cost: -134453.88 | T: 37.49s | Best exploration rate : 96.3%
Gen 02 | Cost: -137293.88 | T: 37.54s | Best exploration rate : 98.6%
Gen 03 | Cost: -138172.27 | T: 37.51s | Best exploration rate : 97.8%
Gen 04 | Cost: -138172.27 | T: 37.47s | Best exploration rate : 97.8%
Gen 05 | Cost: -139051.94 | T: 37.41s | Best exploration rate : 95.3%
Gen 06 | Cost: -139051.94 | T: 37.37s | Best exploration rate : 95.3%
Gen 07 | Cost: -139695.19 | T: 37.33s | Best exploration rate : 94.0%
Gen 08 | Cost: -139707.27 | T: 37.30s | Best exploration rate : 99.6%
Gen 09 | Cost: -139888.81 | T: 37.28s | Best exploration rate : 99.7%
Gen 10 | Cost: -140571.44 | T: 37.27s | Best exploration rate : 99.3%
Gen 11 | Cost: -140844.47 | T: 37.26s | Best exploration rate : 100.0%
Gen 12 | Cost: -140844.47 | T: 37.25s | Best exploration rate : 100.0%
Gen 13 | Cost: -140869.95 | T: 37.24s | Best exploration rate : 97.7%
Gen 14 | Cost: -140942.16 | T: 37.24s | Best exploration rate : 97.3%
Gen 15 | Cost: -140942.16 | T: 37.22s | Best exploration rate : 97.3%
Gen 16 | Cost: -141658.22 | T: 37.26s | Best exploration rate : 100.0%
Gen 17 | Cost: -141658.22 | T: 37.22s | Best exploration rate : 100.0%
Gen 18 | Cost: -141658.22 | T: 37.23s | Best exploration rate : 100.0%
Gen 19 | Cost: -141658.22 | T: 37.22s | Best exploration rate : 100.0%

[PyTorch] Generating final trajectory...
[PyTorch] Final Exploration Coverage: 89.56%

[Logger] Trajectory saved: logs/2026-05-10_09-11-14_explo_sweep/2026-05-10_09-21-01_PyTorch_MULTI_2xGPU_3D/trajectory_3D.npz
[Visu] Loading logs/2026-05-10_09-11-14_explo_sweep/2026-05-10_09-21-01_PyTorch_MULTI_2xGPU_3D/trajectory_3D.npz...
[Visu] Generating frames on 32 CPU cores...
[Visu] Compiling 6000 frames into GIF: logs/2026-05-10_09-11-14_explo_sweep/2026-05-10_09-21-01_PyTorch_MULTI_2xGPU_3D/animation_3D.gif (patience...)
[Visu] Done.

>>> Stratégie de partage de la carte: local_individual, d'exploration: local_gradient
[Hardware] Found 2 CUDA device(s).
--- PyTorch GA (Pop: 5000) | Devices: ['cuda0', 'cuda1'] | Log: logs/2026-05-10_09-11-14_explo_sweep/2026-05-10_09-35-15_PyTorch_MULTI_2xGPU_3D ---
Gen 00 | Cost: -120900.88 | T: 30.54s | Best exploration rate : 75.9%
Gen 01 | Cost: -128540.89 | T: 30.27s | Best exploration rate : 94.8%
Gen 02 | Cost: -128540.89 | T: 30.29s | Best exploration rate : 94.8%
Gen 03 | Cost: -128612.29 | T: 30.32s | Best exploration rate : 93.3%
Gen 04 | Cost: -128612.29 | T: 30.29s | Best exploration rate : 93.3%
Gen 05 | Cost: -128751.82 | T: 30.29s | Best exploration rate : 99.4%
Gen 06 | Cost: -132358.03 | T: 30.28s | Best exploration rate : 99.8%
Gen 07 | Cost: -132481.09 | T: 30.28s | Best exploration rate : 100.0%
Gen 08 | Cost: -132809.67 | T: 30.29s | Best exploration rate : 100.0%
Gen 09 | Cost: -134523.55 | T: 30.28s | Best exploration rate : 94.9%
Gen 10 | Cost: -134523.55 | T: 30.29s | Best exploration rate : 94.9%
Gen 11 | Cost: -135388.05 | T: 30.28s | Best exploration rate : 100.0%
Gen 12 | Cost: -136565.89 | T: 30.28s | Best exploration rate : 94.5%
Gen 13 | Cost: -136565.89 | T: 30.28s | Best exploration rate : 94.5%
Gen 14 | Cost: -136565.89 | T: 30.27s | Best exploration rate : 94.5%
Gen 15 | Cost: -136565.89 | T: 30.28s | Best exploration rate : 94.5%
Gen 16 | Cost: -136565.89 | T: 30.25s | Best exploration rate : 94.5%
Gen 17 | Cost: -136565.89 | T: 30.27s | Best exploration rate : 94.5%
Gen 18 | Cost: -136565.89 | T: 30.25s | Best exploration rate : 94.5%
Gen 19 | Cost: -136565.89 | T: 30.25s | Best exploration rate : 94.5%

[PyTorch] Generating final trajectory...
[PyTorch] Final Exploration Coverage: 71.52%

[Logger] Trajectory saved: logs/2026-05-10_09-11-14_explo_sweep/2026-05-10_09-35-15_PyTorch_MULTI_2xGPU_3D/trajectory_3D.npz
[Visu] Loading logs/2026-05-10_09-11-14_explo_sweep/2026-05-10_09-35-15_PyTorch_MULTI_2xGPU_3D/trajectory_3D.npz...
[Visu] Generating frames on 32 CPU cores...
[Visu] Compiling 6000 frames into GIF: logs/2026-05-10_09-11-14_explo_sweep/2026-05-10_09-35-15_PyTorch_MULTI_2xGPU_3D/animation_3D.gif (patience...)
[Visu] Done.

>>> Stratégie de partage de la carte: local_individual, d'exploration: global_best
[Hardware] Found 2 CUDA device(s).
--- PyTorch GA (Pop: 5000) | Devices: ['cuda0', 'cuda1'] | Log: logs/2026-05-10_09-11-14_explo_sweep/2026-05-10_09-47-09_PyTorch_MULTI_2xGPU_3D ---
Gen 00 | Cost: -121514.23 | T: 44.40s | Best exploration rate : 99.5%
Gen 01 | Cost: -124767.11 | T: 44.18s | Best exploration rate : 93.6%
Gen 02 | Cost: -124767.11 | T: 44.18s | Best exploration rate : 93.6%
Gen 03 | Cost: -131035.95 | T: 44.16s | Best exploration rate : 98.5%
Gen 04 | Cost: -131035.95 | T: 44.16s | Best exploration rate : 98.5%
Gen 05 | Cost: -132099.41 | T: 44.15s | Best exploration rate : 92.5%
Gen 06 | Cost: -133517.30 | T: 44.15s | Best exploration rate : 94.5%
Gen 07 | Cost: -133517.30 | T: 44.14s | Best exploration rate : 94.5%
Gen 08 | Cost: -134476.84 | T: 44.14s | Best exploration rate : 95.9%
Gen 09 | Cost: -135207.02 | T: 44.14s | Best exploration rate : 96.0%
Gen 10 | Cost: -135221.23 | T: 44.14s | Best exploration rate : 95.9%
Gen 11 | Cost: -135221.23 | T: 44.14s | Best exploration rate : 95.9%
Gen 12 | Cost: -136039.67 | T: 44.14s | Best exploration rate : 95.7%
Gen 13 | Cost: -136039.67 | T: 44.14s | Best exploration rate : 95.7%
Gen 14 | Cost: -136039.67 | T: 44.13s | Best exploration rate : 95.7%
Gen 15 | Cost: -136039.67 | T: 44.12s | Best exploration rate : 95.7%
Gen 16 | Cost: -136710.62 | T: 44.11s | Best exploration rate : 96.0%
Gen 17 | Cost: -136710.62 | T: 44.11s | Best exploration rate : 96.0%
Gen 18 | Cost: -136710.62 | T: 44.10s | Best exploration rate : 96.0%
Gen 19 | Cost: -136710.62 | T: 44.10s | Best exploration rate : 96.0%

[PyTorch] Generating final trajectory...
[PyTorch] Final Exploration Coverage: 93.35%

[Logger] Trajectory saved: logs/2026-05-10_09-11-14_explo_sweep/2026-05-10_09-47-09_PyTorch_MULTI_2xGPU_3D/trajectory_3D.npz
[Visu] Loading logs/2026-05-10_09-11-14_explo_sweep/2026-05-10_09-47-09_PyTorch_MULTI_2xGPU_3D/trajectory_3D.npz...
[Visu] Generating frames on 32 CPU cores...
[Visu] Compiling 6000 frames into GIF: logs/2026-05-10_09-11-14_explo_sweep/2026-05-10_09-47-09_PyTorch_MULTI_2xGPU_3D/animation_3D.gif (patience...)
[Visu] Done.

>>> Stratégie de partage de la carte: local_shared, d'exploration: local_gradient
[Hardware] Found 2 CUDA device(s).
--- PyTorch GA (Pop: 5000) | Devices: ['cuda0', 'cuda1'] | Log: logs/2026-05-10_09-11-14_explo_sweep/2026-05-10_10-03-41_PyTorch_MULTI_2xGPU_3D ---
Gen 00 | Cost: -127638.38 | T: 30.71s | Best exploration rate : 89.1%
Gen 01 | Cost: -127638.38 | T: 30.37s | Best exploration rate : 89.1%
Gen 02 | Cost: -132546.88 | T: 30.42s | Best exploration rate : 99.9%
Gen 03 | Cost: -134513.56 | T: 30.42s | Best exploration rate : 95.7%
Gen 04 | Cost: -134513.56 | T: 30.39s | Best exploration rate : 95.7%
Gen 05 | Cost: -135036.97 | T: 30.38s | Best exploration rate : 91.2%
Gen 06 | Cost: -135733.94 | T: 30.39s | Best exploration rate : 99.0%
Gen 07 | Cost: -136027.39 | T: 30.39s | Best exploration rate : 94.2%
Gen 08 | Cost: -136949.59 | T: 30.39s | Best exploration rate : 98.6%
Gen 09 | Cost: -136949.59 | T: 30.38s | Best exploration rate : 98.6%
Gen 10 | Cost: -138301.06 | T: 30.39s | Best exploration rate : 98.3%
Gen 11 | Cost: -138397.14 | T: 30.39s | Best exploration rate : 97.2%
Gen 12 | Cost: -138397.14 | T: 30.39s | Best exploration rate : 97.2%
Gen 13 | Cost: -138397.14 | T: 30.38s | Best exploration rate : 97.2%
Gen 14 | Cost: -138557.53 | T: 30.39s | Best exploration rate : 98.4%
Gen 15 | Cost: -138557.53 | T: 30.38s | Best exploration rate : 98.4%
Gen 16 | Cost: -138567.22 | T: 30.38s | Best exploration rate : 99.6%
Gen 17 | Cost: -138567.22 | T: 30.37s | Best exploration rate : 99.6%
Gen 18 | Cost: -138716.66 | T: 30.38s | Best exploration rate : 97.0%
Gen 19 | Cost: -138716.66 | T: 30.38s | Best exploration rate : 97.0%

[PyTorch] Generating final trajectory...
[PyTorch] Final Exploration Coverage: 89.56%

[Logger] Trajectory saved: logs/2026-05-10_09-11-14_explo_sweep/2026-05-10_10-03-41_PyTorch_MULTI_2xGPU_3D/trajectory_3D.npz
[Visu] Loading logs/2026-05-10_09-11-14_explo_sweep/2026-05-10_10-03-41_PyTorch_MULTI_2xGPU_3D/trajectory_3D.npz...
[Visu] Generating frames on 32 CPU cores...
[Visu] Compiling 6000 frames into GIF: logs/2026-05-10_09-11-14_explo_sweep/2026-05-10_10-03-41_PyTorch_MULTI_2xGPU_3D/animation_3D.gif (patience...)
[Visu] Done.

>>> Stratégie de partage de la carte: local_shared, d'exploration: global_best
[Hardware] Found 2 CUDA device(s).
--- PyTorch GA (Pop: 5000) | Devices: ['cuda0', 'cuda1'] | Log: logs/2026-05-10_09-11-14_explo_sweep/2026-05-10_10-15-36_PyTorch_MULTI_2xGPU_3D ---
Gen 00 | Cost: -130900.92 | T: 44.48s | Best exploration rate : 98.9%
Gen 01 | Cost: -130900.92 | T: 44.22s | Best exploration rate : 98.9%
Gen 02 | Cost: -132954.75 | T: 44.18s | Best exploration rate : 97.6%
Gen 03 | Cost: -136068.66 | T: 44.16s | Best exploration rate : 99.3%
Gen 04 | Cost: -136068.66 | T: 44.13s | Best exploration rate : 99.3%
Gen 05 | Cost: -138908.81 | T: 44.10s | Best exploration rate : 99.6%
Gen 06 | Cost: -138908.81 | T: 44.06s | Best exploration rate : 99.6%
Gen 07 | Cost: -138931.62 | T: 44.03s | Best exploration rate : 100.0%
Gen 08 | Cost: -138931.62 | T: 44.01s | Best exploration rate : 100.0%
Gen 09 | Cost: -138985.73 | T: 43.98s | Best exploration rate : 95.6%
Gen 10 | Cost: -138985.73 | T: 43.96s | Best exploration rate : 95.6%
Gen 11 | Cost: -139413.06 | T: 43.93s | Best exploration rate : 98.8%
Gen 12 | Cost: -139812.97 | T: 43.92s | Best exploration rate : 99.1%
Gen 13 | Cost: -141264.77 | T: 43.90s | Best exploration rate : 98.7%
Gen 14 | Cost: -141264.77 | T: 43.90s | Best exploration rate : 98.7%
Gen 15 | Cost: -141264.77 | T: 43.88s | Best exploration rate : 98.7%
Gen 16 | Cost: -141264.77 | T: 43.87s | Best exploration rate : 98.7%
Gen 17 | Cost: -141264.77 | T: 43.85s | Best exploration rate : 98.7%
Gen 18 | Cost: -141264.77 | T: 43.85s | Best exploration rate : 98.7%
Gen 19 | Cost: -141264.77 | T: 43.84s | Best exploration rate : 98.7%

[PyTorch] Generating final trajectory...
[PyTorch] Final Exploration Coverage: 87.97%

[Logger] Trajectory saved: logs/2026-05-10_09-11-14_explo_sweep/2026-05-10_10-15-36_PyTorch_MULTI_2xGPU_3D/trajectory_3D.npz
[Visu] Loading logs/2026-05-10_09-11-14_explo_sweep/2026-05-10_10-15-36_PyTorch_MULTI_2xGPU_3D/trajectory_3D.npz...
[Visu] Generating frames on 32 CPU cores...
[Visu] Compiling 6000 frames into GIF: logs/2026-05-10_09-11-14_explo_sweep/2026-05-10_10-15-36_PyTorch_MULTI_2xGPU_3D/animation_3D.gif (patience...)
[Visu] Done.

>>> Balayage terminé.
