
>>> Stratégie de partage de la carte: global, d'exploration: local_gradient
[Hardware] Found 2 CUDA device(s).
--- PyTorch GA (Pop: 5000) | Devices: ['cuda0', 'cuda1'] | Log: logs/2026-05-03_23-59-54_explo_sweep/2026-05-03_23-59-55_PyTorch_MULTI_2xGPU_2D ---
Gen 00 | Cost: -95188.73 | T: 7.14s | Best exploration rate : 0.0%
Gen 01 | Cost: -97978.73 | T: 6.88s | Best exploration rate : 0.0%
Gen 02 | Cost: -173250.14 | T: 6.86s | Best exploration rate : 0.0%
Gen 03 | Cost: -251079.27 | T: 6.82s | Best exploration rate : 0.0%
Gen 04 | Cost: -251079.27 | T: 6.78s | Best exploration rate : 0.0%
Gen 05 | Cost: -270718.16 | T: 6.83s | Best exploration rate : 0.0%
Gen 06 | Cost: -316956.00 | T: 6.92s | Best exploration rate : 0.0%
Gen 07 | Cost: -409109.81 | T: 6.80s | Best exploration rate : 0.0%
Gen 08 | Cost: -409109.81 | T: 6.83s | Best exploration rate : 0.0%
Gen 09 | Cost: -410551.88 | T: 6.83s | Best exploration rate : 0.0%
Gen 10 | Cost: -424976.66 | T: 6.81s | Best exploration rate : 0.0%
Gen 11 | Cost: -424976.66 | T: 6.82s | Best exploration rate : 0.0%
Gen 12 | Cost: -424976.66 | T: 6.85s | Best exploration rate : 0.0%
Gen 13 | Cost: -424976.66 | T: 6.84s | Best exploration rate : 0.0%
Gen 14 | Cost: -424976.66 | T: 6.82s | Best exploration rate : 0.0%
Gen 15 | Cost: -424976.66 | T: 6.84s | Best exploration rate : 0.0%
Gen 16 | Cost: -424976.66 | T: 6.87s | Best exploration rate : 0.0%
Gen 17 | Cost: -424976.66 | T: 6.82s | Best exploration rate : 0.0%
Gen 18 | Cost: -424976.66 | T: 6.84s | Best exploration rate : 0.0%
Gen 19 | Cost: -424976.66 | T: 6.83s | Best exploration rate : 0.0%

[PyTorch] Generating final trajectory...

[Logger] Trajectory saved: logs/2026-05-03_23-59-54_explo_sweep/2026-05-03_23-59-55_PyTorch_MULTI_2xGPU_2D/trajectory_2D.npz
[Visu] Loading logs/2026-05-03_23-59-54_explo_sweep/2026-05-03_23-59-55_PyTorch_MULTI_2xGPU_2D/trajectory_2D.npz...
[Visu] Generating frames on 32 CPU cores...
[Visu] Compiling 6000 frames into GIF: logs/2026-05-03_23-59-54_explo_sweep/2026-05-03_23-59-55_PyTorch_MULTI_2xGPU_2D/animation_2D.gif (patience...)
[Visu] Done.

>>> Stratégie de partage de la carte: global, d'exploration: global_best
[Hardware] Found 2 CUDA device(s).
--- PyTorch GA (Pop: 5000) | Devices: ['cuda0', 'cuda1'] | Log: logs/2026-05-03_23-59-54_explo_sweep/2026-05-04_00-03-52_PyTorch_MULTI_2xGPU_2D ---
Gen 00 | Cost: -63436.72 | T: 7.18s | Best exploration rate : 0.0%
Gen 01 | Cost: -127978.34 | T: 6.82s | Best exploration rate : 0.0%
Gen 02 | Cost: -132672.83 | T: 6.79s | Best exploration rate : 0.0%
Gen 03 | Cost: -266650.69 | T: 6.86s | Best exploration rate : 0.0%
Gen 04 | Cost: -267776.22 | T: 6.86s | Best exploration rate : 0.0%
Gen 05 | Cost: -269806.97 | T: 6.84s | Best exploration rate : 0.0%
Gen 06 | Cost: -269806.97 | T: 6.82s | Best exploration rate : 0.0%
Gen 07 | Cost: -269806.97 | T: 6.83s | Best exploration rate : 0.0%
Gen 08 | Cost: -292669.19 | T: 6.82s | Best exploration rate : 0.0%
Gen 09 | Cost: -466288.34 | T: 6.83s | Best exploration rate : 0.0%
Gen 10 | Cost: -466288.34 | T: 6.83s | Best exploration rate : 0.0%
Gen 11 | Cost: -466288.34 | T: 6.83s | Best exploration rate : 0.0%
Gen 12 | Cost: -466288.34 | T: 6.84s | Best exploration rate : 0.0%
Gen 13 | Cost: -466288.34 | T: 6.83s | Best exploration rate : 0.0%
Gen 14 | Cost: -502080.41 | T: 6.84s | Best exploration rate : 0.0%
Gen 15 | Cost: -502080.41 | T: 6.79s | Best exploration rate : 0.0%
Gen 16 | Cost: -502080.41 | T: 6.86s | Best exploration rate : 0.0%
Gen 17 | Cost: -502080.41 | T: 6.80s | Best exploration rate : 0.0%
Gen 18 | Cost: -502080.41 | T: 6.84s | Best exploration rate : 0.0%
Gen 19 | Cost: -502080.41 | T: 6.83s | Best exploration rate : 0.0%

[PyTorch] Generating final trajectory...

[Logger] Trajectory saved: logs/2026-05-03_23-59-54_explo_sweep/2026-05-04_00-03-52_PyTorch_MULTI_2xGPU_2D/trajectory_2D.npz
[Visu] Loading logs/2026-05-03_23-59-54_explo_sweep/2026-05-04_00-03-52_PyTorch_MULTI_2xGPU_2D/trajectory_2D.npz...
[Visu] Generating frames on 32 CPU cores...
[Visu] Compiling 6000 frames into GIF: logs/2026-05-03_23-59-54_explo_sweep/2026-05-04_00-03-52_PyTorch_MULTI_2xGPU_2D/animation_2D.gif (patience...)
[Visu] Done.

>>> Stratégie de partage de la carte: local_individual, d'exploration: local_gradient
[Hardware] Found 2 CUDA device(s).
--- PyTorch GA (Pop: 5000) | Devices: ['cuda0', 'cuda1'] | Log: logs/2026-05-03_23-59-54_explo_sweep/2026-05-04_00-07-50_PyTorch_MULTI_2xGPU_2D ---
Gen 00 | Cost: -103746.34 | T: 7.14s | Best exploration rate : 0.0%
Gen 01 | Cost: -175989.00 | T: 6.84s | Best exploration rate : 0.0%
Gen 02 | Cost: -188400.92 | T: 6.85s | Best exploration rate : 0.0%
Gen 03 | Cost: -219204.66 | T: 6.80s | Best exploration rate : 0.0%
Gen 04 | Cost: -238937.67 | T: 6.79s | Best exploration rate : 0.0%
Gen 05 | Cost: -342841.38 | T: 6.83s | Best exploration rate : 0.0%
Gen 06 | Cost: -342841.38 | T: 6.83s | Best exploration rate : 0.0%
Gen 07 | Cost: -342841.38 | T: 6.85s | Best exploration rate : 0.0%
Gen 08 | Cost: -354716.38 | T: 6.83s | Best exploration rate : 0.0%
Gen 09 | Cost: -462338.38 | T: 6.85s | Best exploration rate : 0.0%
Gen 10 | Cost: -482114.50 | T: 6.84s | Best exploration rate : 0.0%
Gen 11 | Cost: -483795.53 | T: 6.84s | Best exploration rate : 0.0%
Gen 12 | Cost: -483795.53 | T: 6.83s | Best exploration rate : 0.0%
Gen 13 | Cost: -483795.53 | T: 6.83s | Best exploration rate : 0.0%
Gen 14 | Cost: -483795.53 | T: 6.84s | Best exploration rate : 0.0%
Gen 15 | Cost: -483795.53 | T: 6.86s | Best exploration rate : 0.0%
Gen 16 | Cost: -483795.53 | T: 6.87s | Best exploration rate : 0.0%
Gen 17 | Cost: -483795.53 | T: 6.86s | Best exploration rate : 0.0%
Gen 18 | Cost: -483795.53 | T: 6.88s | Best exploration rate : 0.0%
Gen 19 | Cost: -483795.53 | T: 6.85s | Best exploration rate : 0.0%

[PyTorch] Generating final trajectory...

[Logger] Trajectory saved: logs/2026-05-03_23-59-54_explo_sweep/2026-05-04_00-07-50_PyTorch_MULTI_2xGPU_2D/trajectory_2D.npz
[Visu] Loading logs/2026-05-03_23-59-54_explo_sweep/2026-05-04_00-07-50_PyTorch_MULTI_2xGPU_2D/trajectory_2D.npz...
[Visu] Generating frames on 32 CPU cores...
[Visu] Compiling 6000 frames into GIF: logs/2026-05-03_23-59-54_explo_sweep/2026-05-04_00-07-50_PyTorch_MULTI_2xGPU_2D/animation_2D.gif (patience...)
[Visu] Done.

>>> Stratégie de partage de la carte: local_individual, d'exploration: global_best
[Hardware] Found 2 CUDA device(s).
--- PyTorch GA (Pop: 5000) | Devices: ['cuda0', 'cuda1'] | Log: logs/2026-05-03_23-59-54_explo_sweep/2026-05-04_00-11-49_PyTorch_MULTI_2xGPU_2D ---
Gen 00 | Cost: -169689.80 | T: 7.20s | Best exploration rate : 0.0%
Gen 01 | Cost: -169689.80 | T: 6.88s | Best exploration rate : 0.0%
Gen 02 | Cost: -169689.80 | T: 6.99s | Best exploration rate : 0.0%
Gen 03 | Cost: -225313.83 | T: 6.91s | Best exploration rate : 0.0%
Gen 04 | Cost: -250378.11 | T: 6.90s | Best exploration rate : 0.0%
Gen 05 | Cost: -250378.11 | T: 6.90s | Best exploration rate : 0.0%
Gen 06 | Cost: -282657.84 | T: 6.89s | Best exploration rate : 0.0%
Gen 07 | Cost: -288675.09 | T: 6.88s | Best exploration rate : 0.0%
Gen 08 | Cost: -316256.25 | T: 6.91s | Best exploration rate : 0.0%
Gen 09 | Cost: -352446.28 | T: 6.87s | Best exploration rate : 0.0%
Gen 10 | Cost: -573400.19 | T: 6.92s | Best exploration rate : 0.0%
Gen 11 | Cost: -573400.19 | T: 6.92s | Best exploration rate : 0.0%
Gen 12 | Cost: -573400.19 | T: 6.92s | Best exploration rate : 0.0%
Gen 13 | Cost: -573400.19 | T: 6.90s | Best exploration rate : 0.0%
Gen 14 | Cost: -573400.19 | T: 6.91s | Best exploration rate : 0.0%
Gen 15 | Cost: -573400.19 | T: 6.91s | Best exploration rate : 0.0%
Gen 16 | Cost: -573400.19 | T: 6.90s | Best exploration rate : 0.0%
Gen 17 | Cost: -578034.69 | T: 6.89s | Best exploration rate : 0.0%
Gen 18 | Cost: -578034.69 | T: 6.89s | Best exploration rate : 0.0%
Gen 19 | Cost: -578034.69 | T: 6.89s | Best exploration rate : 0.0%

[PyTorch] Generating final trajectory...

[Logger] Trajectory saved: logs/2026-05-03_23-59-54_explo_sweep/2026-05-04_00-11-49_PyTorch_MULTI_2xGPU_2D/trajectory_2D.npz
[Visu] Loading logs/2026-05-03_23-59-54_explo_sweep/2026-05-04_00-11-49_PyTorch_MULTI_2xGPU_2D/trajectory_2D.npz...
[Visu] Generating frames on 32 CPU cores...
[Visu] Compiling 6000 frames into GIF: logs/2026-05-03_23-59-54_explo_sweep/2026-05-04_00-11-49_PyTorch_MULTI_2xGPU_2D/animation_2D.gif (patience...)
[Visu] Done.

>>> Stratégie de partage de la carte: local_shared, d'exploration: local_gradient
[Hardware] Found 2 CUDA device(s).
--- PyTorch GA (Pop: 5000) | Devices: ['cuda0', 'cuda1'] | Log: logs/2026-05-03_23-59-54_explo_sweep/2026-05-04_00-15-49_PyTorch_MULTI_2xGPU_2D ---
Gen 00 | Cost: -113607.73 | T: 7.09s | Best exploration rate : 0.0%
Gen 01 | Cost: -113607.73 | T: 6.79s | Best exploration rate : 0.0%
Gen 02 | Cost: -262318.72 | T: 6.81s | Best exploration rate : 0.0%
Gen 03 | Cost: -262318.72 | T: 6.80s | Best exploration rate : 0.0%
Gen 04 | Cost: -262318.72 | T: 6.81s | Best exploration rate : 0.0%
Gen 05 | Cost: -268246.91 | T: 6.79s | Best exploration rate : 0.0%
Gen 06 | Cost: -268246.91 | T: 6.79s | Best exploration rate : 0.0%
Gen 07 | Cost: -276557.91 | T: 6.81s | Best exploration rate : 0.0%
Gen 08 | Cost: -338513.00 | T: 6.82s | Best exploration rate : 0.0%
Gen 09 | Cost: -434002.44 | T: 6.83s | Best exploration rate : 0.0%
Gen 10 | Cost: -515884.19 | T: 6.83s | Best exploration rate : 0.0%
Gen 11 | Cost: -517428.81 | T: 6.82s | Best exploration rate : 0.0%
Gen 12 | Cost: -517428.81 | T: 6.81s | Best exploration rate : 0.0%
Gen 13 | Cost: -517428.81 | T: 6.81s | Best exploration rate : 0.0%
Gen 14 | Cost: -517428.81 | T: 6.84s | Best exploration rate : 0.0%
Gen 15 | Cost: -517428.81 | T: 6.90s | Best exploration rate : 0.0%
Gen 16 | Cost: -517428.81 | T: 6.86s | Best exploration rate : 0.0%
Gen 17 | Cost: -517428.81 | T: 6.83s | Best exploration rate : 0.0%
Gen 18 | Cost: -517428.81 | T: 6.85s | Best exploration rate : 0.0%
Gen 19 | Cost: -517428.81 | T: 6.86s | Best exploration rate : 0.0%

[PyTorch] Generating final trajectory...

[Logger] Trajectory saved: logs/2026-05-03_23-59-54_explo_sweep/2026-05-04_00-15-49_PyTorch_MULTI_2xGPU_2D/trajectory_2D.npz
[Visu] Loading logs/2026-05-03_23-59-54_explo_sweep/2026-05-04_00-15-49_PyTorch_MULTI_2xGPU_2D/trajectory_2D.npz...
[Visu] Generating frames on 32 CPU cores...
[Visu] Compiling 6000 frames into GIF: logs/2026-05-03_23-59-54_explo_sweep/2026-05-04_00-15-49_PyTorch_MULTI_2xGPU_2D/animation_2D.gif (patience...)
[Visu] Done.

>>> Stratégie de partage de la carte: local_shared, d'exploration: global_best
[Hardware] Found 2 CUDA device(s).
--- PyTorch GA (Pop: 5000) | Devices: ['cuda0', 'cuda1'] | Log: logs/2026-05-03_23-59-54_explo_sweep/2026-05-04_00-19-48_PyTorch_MULTI_2xGPU_2D ---
Gen 00 | Cost: -102755.47 | T: 7.20s | Best exploration rate : 0.0%
Gen 01 | Cost: -103815.70 | T: 6.85s | Best exploration rate : 0.0%
Gen 02 | Cost: -168752.69 | T: 6.83s | Best exploration rate : 0.0%
Gen 03 | Cost: -208794.14 | T: 6.87s | Best exploration rate : 0.0%
Gen 04 | Cost: -208794.14 | T: 6.87s | Best exploration rate : 0.0%
Gen 05 | Cost: -527494.44 | T: 6.86s | Best exploration rate : 0.0%
Gen 06 | Cost: -527494.44 | T: 6.89s | Best exploration rate : 0.0%
Gen 07 | Cost: -527494.44 | T: 6.87s | Best exploration rate : 0.0%
Gen 08 | Cost: -527494.44 | T: 6.82s | Best exploration rate : 0.0%
Gen 09 | Cost: -527494.44 | T: 6.87s | Best exploration rate : 0.0%
Gen 10 | Cost: -527494.44 | T: 6.85s | Best exploration rate : 0.0%
Gen 11 | Cost: -527494.44 | T: 6.87s | Best exploration rate : 0.0%
Gen 12 | Cost: -527494.44 | T: 6.87s | Best exploration rate : 0.0%
Gen 13 | Cost: -527494.44 | T: 6.86s | Best exploration rate : 0.0%
Gen 14 | Cost: -527494.44 | T: 6.89s | Best exploration rate : 0.0%
Gen 15 | Cost: -528484.88 | T: 6.87s | Best exploration rate : 0.0%
Gen 16 | Cost: -528484.88 | T: 6.87s | Best exploration rate : 0.0%
Gen 17 | Cost: -528484.88 | T: 6.87s | Best exploration rate : 0.0%
Gen 18 | Cost: -528484.88 | T: 6.87s | Best exploration rate : 0.0%
Gen 19 | Cost: -528484.88 | T: 6.86s | Best exploration rate : 0.0%

[PyTorch] Generating final trajectory...

[Logger] Trajectory saved: logs/2026-05-03_23-59-54_explo_sweep/2026-05-04_00-19-48_PyTorch_MULTI_2xGPU_2D/trajectory_2D.npz
[Visu] Loading logs/2026-05-03_23-59-54_explo_sweep/2026-05-04_00-19-48_PyTorch_MULTI_2xGPU_2D/trajectory_2D.npz...
[Visu] Generating frames on 32 CPU cores...
[Visu] Compiling 6000 frames into GIF: logs/2026-05-03_23-59-54_explo_sweep/2026-05-04_00-19-48_PyTorch_MULTI_2xGPU_2D/animation_2D.gif (patience...)
[Visu] Done.

>>> Balayage terminé.
