nohup: ignoring input
[Hardware] Found 2 CUDA device(s).
--- PyTorch GA (Pop: 5000) | Devices: ['cuda0', 'cuda1'] | Log: logs/2026-04-28_14-45-23_PyTorch_MULTI_2xGPU_3D ---
Gen 00 | Cost: -4609.11 | T: 17.49s
Gen 01 | Cost: -4936.62 | T: 17.19s
Gen 02 | Cost: -4948.67 | T: 17.19s
Gen 03 | Cost: -5086.26 | T: 17.19s
Gen 04 | Cost: -5134.81 | T: 17.20s
Gen 05 | Cost: -5134.81 | T: 17.20s
Gen 06 | Cost: -5134.81 | T: 17.21s
Gen 07 | Cost: -5169.27 | T: 17.22s
Gen 08 | Cost: -5169.27 | T: 17.22s
Gen 09 | Cost: -5169.27 | T: 17.22s
Gen 10 | Cost: -5169.27 | T: 17.22s
Gen 11 | Cost: -5188.95 | T: 17.22s
Gen 12 | Cost: -5236.17 | T: 17.23s
Gen 13 | Cost: -5270.97 | T: 17.23s
Gen 14 | Cost: -5270.97 | T: 17.22s
Gen 15 | Cost: -5270.97 | T: 17.22s
Gen 16 | Cost: -5270.97 | T: 17.23s
Gen 17 | Cost: -5270.97 | T: 17.23s
Gen 18 | Cost: -5270.97 | T: 17.23s
Gen 19 | Cost: -5277.00 | T: 17.23s

[PyTorch] Generating final trajectory...
[PyTorch] Final Exploration Coverage: 35.88%

[Logger] Trajectory saved: logs/2026-04-28_14-45-23_PyTorch_MULTI_2xGPU_3D/trajectory_3D.npz
[Visu] Loading logs/2026-04-28_14-45-23_PyTorch_MULTI_2xGPU_3D/trajectory_3D.npz...
[Visu] Generating GIF: logs/2026-04-28_14-45-23_PyTorch_MULTI_2xGPU_3D/animation_3D.gif (patience...)
[Visu] Done.
[Hardware] Found 2 CUDA device(s).
--- PyTorch GA (Pop: 5000) | Devices: ['cuda0', 'cuda1'] | Log: logs/2026-04-28_14-52-25_PyTorch_MULTI_2xGPU_3D ---
Gen 00 | Cost: -4947.50 | T: 17.50s
Gen 01 | Cost: -4947.50 | T: 17.21s
Gen 02 | Cost: -5027.38 | T: 17.21s
Gen 03 | Cost: -5027.38 | T: 17.21s
Gen 04 | Cost: -5035.38 | T: 17.22s
Gen 05 | Cost: -5035.38 | T: 17.22s
Gen 06 | Cost: -5086.33 | T: 17.23s
Gen 07 | Cost: -5111.47 | T: 17.23s
Gen 08 | Cost: -5170.87 | T: 17.23s
Gen 09 | Cost: -5170.87 | T: 17.23s
Gen 10 | Cost: -5170.87 | T: 17.23s
Gen 11 | Cost: -5219.51 | T: 17.23s
Gen 12 | Cost: -5219.51 | T: 17.23s
Gen 13 | Cost: -5228.54 | T: 17.23s
Gen 14 | Cost: -5291.73 | T: 17.22s
Gen 15 | Cost: -5291.73 | T: 17.23s
Gen 16 | Cost: -5291.73 | T: 17.22s
Gen 17 | Cost: -5291.73 | T: 17.23s
Gen 18 | Cost: -5291.73 | T: 17.22s
Gen 19 | Cost: -5291.73 | T: 17.23s

[PyTorch] Generating final trajectory...
[PyTorch] Final Exploration Coverage: 35.87%

[Logger] Trajectory saved: logs/2026-04-28_14-52-25_PyTorch_MULTI_2xGPU_3D/trajectory_3D.npz
[Visu] Loading logs/2026-04-28_14-52-25_PyTorch_MULTI_2xGPU_3D/trajectory_3D.npz...
[Visu] Generating GIF: logs/2026-04-28_14-52-25_PyTorch_MULTI_2xGPU_3D/animation_3D.gif (patience...)
[Visu] Done.
[Hardware] Found 2 CUDA device(s).
--- PyTorch GA (Pop: 5000) | Devices: ['cuda0', 'cuda1'] | Log: logs/2026-04-28_14-59-29_PyTorch_MULTI_2xGPU_3D ---
Gen 00 | Cost: -4173.48 | T: 23.55s
Gen 01 | Cost: -4436.41 | T: 23.23s
Gen 02 | Cost: -4436.41 | T: 23.23s
Gen 03 | Cost: -4544.13 | T: 23.24s
Gen 04 | Cost: -4696.02 | T: 23.23s
Gen 05 | Cost: -4696.02 | T: 23.23s
Gen 06 | Cost: -4782.11 | T: 23.23s
Gen 07 | Cost: -4795.05 | T: 23.23s
Gen 08 | Cost: -4795.05 | T: 23.23s
Gen 09 | Cost: -4795.05 | T: 23.22s
Gen 10 | Cost: -4795.05 | T: 23.22s
Gen 11 | Cost: -4795.05 | T: 23.22s
Gen 12 | Cost: -4808.94 | T: 23.22s
Gen 13 | Cost: -4808.94 | T: 23.22s
Gen 14 | Cost: -4808.94 | T: 23.22s
Gen 15 | Cost: -4882.54 | T: 23.22s
Gen 16 | Cost: -4882.54 | T: 23.22s
Gen 17 | Cost: -4887.61 | T: 23.22s
Gen 18 | Cost: -4887.61 | T: 23.22s
Gen 19 | Cost: -4887.61 | T: 23.22s

[PyTorch] Generating final trajectory...
[PyTorch] Final Exploration Coverage: 34.76%

[Logger] Trajectory saved: logs/2026-04-28_14-59-29_PyTorch_MULTI_2xGPU_3D/trajectory_3D.npz
[Visu] Loading logs/2026-04-28_14-59-29_PyTorch_MULTI_2xGPU_3D/trajectory_3D.npz...
[Visu] Generating GIF: logs/2026-04-28_14-59-29_PyTorch_MULTI_2xGPU_3D/animation_3D.gif (patience...)
[Visu] Done.
[Hardware] Found 2 CUDA device(s).
--- PyTorch GA (Pop: 5000) | Devices: ['cuda0', 'cuda1'] | Log: logs/2026-04-28_15-08-33_PyTorch_MULTI_2xGPU_3D ---
Gen 00 | Cost: -4285.79 | T: 23.54s
Gen 01 | Cost: -4359.12 | T: 23.23s
Gen 02 | Cost: -4513.60 | T: 23.23s
Gen 03 | Cost: -4622.32 | T: 23.23s
Gen 04 | Cost: -4622.32 | T: 23.23s
Gen 05 | Cost: -4622.32 | T: 23.23s
Gen 06 | Cost: -4719.55 | T: 23.23s
Gen 07 | Cost: -4719.55 | T: 23.22s
Gen 08 | Cost: -4719.55 | T: 23.22s
Gen 09 | Cost: -4804.35 | T: 23.22s
Gen 10 | Cost: -4804.35 | T: 23.22s
Gen 11 | Cost: -4804.35 | T: 23.22s
Gen 12 | Cost: -4804.35 | T: 23.22s
Gen 13 | Cost: -4804.35 | T: 23.22s
Gen 14 | Cost: -4804.35 | T: 23.22s
Gen 15 | Cost: -4896.53 | T: 23.22s
Gen 16 | Cost: -4896.53 | T: 23.22s
Gen 17 | Cost: -4896.53 | T: 23.22s
Gen 18 | Cost: -4896.53 | T: 23.22s
Gen 19 | Cost: -4900.46 | T: 23.22s

[PyTorch] Generating final trajectory...
[PyTorch] Final Exploration Coverage: 34.28%

[Logger] Trajectory saved: logs/2026-04-28_15-08-33_PyTorch_MULTI_2xGPU_3D/trajectory_3D.npz
[Visu] Loading logs/2026-04-28_15-08-33_PyTorch_MULTI_2xGPU_3D/trajectory_3D.npz...
[Visu] Generating GIF: logs/2026-04-28_15-08-33_PyTorch_MULTI_2xGPU_3D/animation_3D.gif (patience...)
[Visu] Done.
[Hardware] Found 2 CUDA device(s).
--- PyTorch GA (Pop: 5000) | Devices: ['cuda0', 'cuda1'] | Log: logs/2026-04-28_15-17-37_PyTorch_MULTI_2xGPU_3D ---
Gen 00 | Cost: -4479.56 | T: 23.82s
Gen 01 | Cost: -4479.56 | T: 23.44s
Gen 02 | Cost: -4718.78 | T: 23.45s
Gen 03 | Cost: -4807.78 | T: 23.45s
Gen 04 | Cost: -4807.78 | T: 23.45s
Gen 05 | Cost: -4807.78 | T: 23.45s
Gen 06 | Cost: -4807.78 | T: 23.44s
Gen 07 | Cost: -4857.07 | T: 23.45s
Gen 08 | Cost: -4857.07 | T: 23.44s
Gen 09 | Cost: -4903.50 | T: 23.44s
Gen 10 | Cost: -4909.62 | T: 23.44s
Gen 11 | Cost: -4909.62 | T: 23.44s
Gen 12 | Cost: -4909.62 | T: 23.44s
Gen 13 | Cost: -4912.08 | T: 23.44s
Gen 14 | Cost: -4912.08 | T: 23.44s
Gen 15 | Cost: -4912.08 | T: 23.44s
Gen 16 | Cost: -4940.12 | T: 23.44s
Gen 17 | Cost: -4940.12 | T: 23.44s
Gen 18 | Cost: -4983.01 | T: 23.44s
Gen 19 | Cost: -4990.29 | T: 23.44s

[PyTorch] Generating final trajectory...
[PyTorch] Final Exploration Coverage: 38.64%

[Logger] Trajectory saved: logs/2026-04-28_15-17-37_PyTorch_MULTI_2xGPU_3D/trajectory_3D.npz
[Visu] Loading logs/2026-04-28_15-17-37_PyTorch_MULTI_2xGPU_3D/trajectory_3D.npz...
[Visu] Generating GIF: logs/2026-04-28_15-17-37_PyTorch_MULTI_2xGPU_3D/animation_3D.gif (patience...)
[Visu] Done.
[Hardware] Found 2 CUDA device(s).
--- PyTorch GA (Pop: 5000) | Devices: ['cuda0', 'cuda1'] | Log: logs/2026-04-28_15-26-47_PyTorch_MULTI_2xGPU_3D ---
Gen 00 | Cost: -4381.71 | T: 23.81s
Gen 01 | Cost: -4545.09 | T: 23.44s
Gen 02 | Cost: -4603.13 | T: 23.45s
Gen 03 | Cost: -4604.18 | T: 23.45s
Gen 04 | Cost: -4749.20 | T: 23.45s
Gen 05 | Cost: -4749.20 | T: 23.45s
Gen 06 | Cost: -4807.80 | T: 23.45s
Gen 07 | Cost: -4876.84 | T: 23.45s
Gen 08 | Cost: -4876.84 | T: 23.45s
Gen 09 | Cost: -4876.84 | T: 23.45s
Gen 10 | Cost: -4898.52 | T: 23.45s
Gen 11 | Cost: -4898.52 | T: 23.45s
Gen 12 | Cost: -4922.21 | T: 23.45s
Gen 13 | Cost: -4922.21 | T: 23.44s
Gen 14 | Cost: -4922.21 | T: 23.44s
Gen 15 | Cost: -4922.21 | T: 23.44s
Gen 16 | Cost: -4922.21 | T: 23.44s
Gen 17 | Cost: -4964.53 | T: 23.44s
Gen 18 | Cost: -4964.53 | T: 23.44s
Gen 19 | Cost: -5079.87 | T: 23.44s

[PyTorch] Generating final trajectory...
[PyTorch] Final Exploration Coverage: 31.45%

[Logger] Trajectory saved: logs/2026-04-28_15-26-47_PyTorch_MULTI_2xGPU_3D/trajectory_3D.npz
[Visu] Loading logs/2026-04-28_15-26-47_PyTorch_MULTI_2xGPU_3D/trajectory_3D.npz...
[Visu] Generating GIF: logs/2026-04-28_15-26-47_PyTorch_MULTI_2xGPU_3D/animation_3D.gif (patience...)
[Visu] Done.

>>> Stratégie de partage de la carte: global

>>> Stratégie d'exploration: local_gradient

>>> Stratégie de partage de la carte: global

>>> Stratégie d'exploration: global_closest

>>> Stratégie de partage de la carte: local_individual

>>> Stratégie d'exploration: local_gradient

>>> Stratégie de partage de la carte: local_individual

>>> Stratégie d'exploration: global_closest

>>> Stratégie de partage de la carte: local_shared

>>> Stratégie d'exploration: local_gradient

>>> Stratégie de partage de la carte: local_shared

>>> Stratégie d'exploration: global_closest

>>> Balayage terminé.
